[backblue.gif]
[fade.gif]
[index.html]
[jituchauhan.com/nearme/css/bootstrap.min.css]
[jituchauhan.com/nearme/css/font-awesome.min.css]
[jituchauhan.com/nearme/css/bootstrap-select.min.css]
[jituchauhan.com/nearme/css/flags.css]
[jituchauhan.com/nearme/css/daterangepicker.css]
[jituchauhan.com/nearme/css/style.css]
[jituchauhan.com/nearme/images/logo.png]
[jituchauhan.com/nearme/images/hostel-1.jpg]
[jituchauhan.com/nearme/images/hostel-2.jpg]
[jituchauhan.com/nearme/images/hostel-3.jpg]
[jituchauhan.com/nearme/images/destination-1.jpg]
[jituchauhan.com/nearme/images/destination-2.jpg]
[jituchauhan.com/nearme/images/destination-3.jpg]
[jituchauhan.com/nearme/images/destination-4.jpg]
[jituchauhan.com/nearme/images/destination-5.jpg]
[jituchauhan.com/nearme/images/testimonial-1.jpg]
[jituchauhan.com/nearme/images/testimonial-2.jpg]
[jituchauhan.com/nearme/images/post-1.jpg]
[jituchauhan.com/nearme/images/post-2.jpg]
[jituchauhan.com/nearme/images/post-3.jpg]
[ajax.googleapis.com/ajax/libs/jquery/1.12.4/jquery.min.js]
[jituchauhan.com/nearme/js/bootstrap.min.js]
[jituchauhan.com/nearme/js/bootstrap-select.min.js]
[jituchauhan.com/nearme/js/select-options.js]
[jituchauhan.com/nearme/js/menumaker.js]
[jituchauhan.com/nearme/js/navigation.js]
[jituchauhan.com/nearme/js/jquery.flagstrap.min.js]
[jituchauhan.com/nearme/js/flag.js]
[jituchauhan.com/nearme/js/moment.js]
[jituchauhan.com/nearme/js/daterangepicker.js]
[jituchauhan.com/nearme/js/calender.js]
[jituchauhan.com/nearme/index.html]
[jituchauhan.com/nearme/fonts/glyphicons-halflings-regular.eot]
[jituchauhan.com/nearme/fonts/glyphicons-halflings-regulard41d.eot]
[jituchauhan.com/nearme/fonts/glyphicons-halflings-regular.woff]
[jituchauhan.com/nearme/fonts/glyphicons-halflings-regular.ttf]
[jituchauhan.com/nearme/css/bootstrap.min.css]
[jituchauhan.com/nearme/fonts/fontawesome-webfont3e6e.eot]
[jituchauhan.com/nearme/fonts/fontawesome-webfontd41d.eot]
[jituchauhan.com/nearme/fonts/fontawesome-webfont3e6e.woff]
[jituchauhan.com/nearme/fonts/fontawesome-webfont3e6e.ttf]
[jituchauhan.com/nearme/css/font-awesome.min.css]
[jituchauhan.com/nearme/css/bootstrap-select.min.css]
[jituchauhan.com/nearme/images/flags.png]
[jituchauhan.com/nearme/css/flags.css]
[jituchauhan.com/nearme/css/daterangepicker.css]
[jituchauhan.com/nearme/images/hero-image-second.jpg]
[jituchauhan.com/nearme/images/page_header.jpg]
[jituchauhan.com/nearme/images/hero-image.jpg]
[jituchauhan.com/nearme/images/heart.png]
[jituchauhan.com/nearme/images/heart-hover.png]
[jituchauhan.com/nearme/images/single_page.jpg]
[jituchauhan.com/nearme/css/style.css]
[jituchauhan.com/nearme/signup-page.html]
[jituchauhan.com/nearme/login-page.html]
[jituchauhan.com/nearme/index-2.html]
[jituchauhan.com/nearme/css/fontello.css]
[jituchauhan.com/nearme/css/owl.carousel.css]
[jituchauhan.com/nearme/css/owl.theme.default.css]
[jituchauhan.com/nearme/images/logo-2.png]
[jituchauhan.com/nearme/images/destination-6.jpg]
[jituchauhan.com/nearme/images/story-img.png]
[jituchauhan.com/nearme/images/post-big-img.jpg]
[jituchauhan.com/nearme/images/post-thumb-1.jpg]
[jituchauhan.com/nearme/images/post-thumb-2.jpg]
[jituchauhan.com/nearme/images/cta-wrapper.jpg]
[jituchauhan.com/nearme/js/owl.carousel.min.js]
[jituchauhan.com/nearme/js/multiple-carousel.js]
[jituchauhan.com/nearme/js/jquery.isotope.min.js]
[jituchauhan.com/nearme/index-3.html]
[jituchauhan.com/nearme/css/jquery-ui.css]
[jituchauhan.com/nearme/images/hostel-4.jpg]
[jituchauhan.com/nearme/js/jquery-ui.js]
[jituchauhan.com/nearme/js/price-ranger.js]
[jituchauhan.com/nearme/hostel-list-view.html]
[jituchauhan.com/nearme/hostel-grid-view.html]
[jituchauhan.com/nearme/hostel-grid-view-sidemap.html]
[jituchauhan.com/nearme/css/magnific-popup.css]
[jituchauhan.com/nearme/images/gallery-big-1.jpg]
[jituchauhan.com/nearme/images/gallery-small-1.jpg]
[jituchauhan.com/nearme/images/gallery-big-2.jpg]
[jituchauhan.com/nearme/images/gallery-small-2.jpg]
[jituchauhan.com/nearme/images/gallery-big-3.jpg]
[jituchauhan.com/nearme/images/gallery-small-3.jpg]
[jituchauhan.com/nearme/images/gallery-big-4.jpg]
[jituchauhan.com/nearme/images/gallery-small-4.jpg]
[jituchauhan.com/nearme/images/gallery-big-5.jpg]
[jituchauhan.com/nearme/images/gallery-small-5.jpg]
[jituchauhan.com/nearme/images/gallery-big-6.jpg]
[jituchauhan.com/nearme/images/gallery-small-6.jpg]
[jituchauhan.com/nearme/images/gallery-big-7.jpg]
[jituchauhan.com/nearme/images/gallery-small-7.jpg]
[jituchauhan.com/nearme/images/gallery-big-8.jpg]
[jituchauhan.com/nearme/images/gallery-small-8.jpg]
[jituchauhan.com/nearme/images/review-user.jpg]
[jituchauhan.com/nearme/images/review-user-2.jpg]
[jituchauhan.com/nearme/js/single-map.js]
[jituchauhan.com/nearme/js/jquery.magnific-popup.js]
[jituchauhan.com/nearme/js/popup-gallery.js]
[jituchauhan.com/nearme/js/jquery.easing.min.js]
[jituchauhan.com/nearme/js/scrolling-nav.js]
[jituchauhan.com/nearme/hostel-single-page.html]
[jituchauhan.com/nearme/hostel-single-page-grid.html]
[jituchauhan.com/nearme/images/checkout-img.jpg]
[jituchauhan.com/nearme/checkout-page.html]
[jituchauhan.com/nearme/images/dashboard-profile.jpg]
[jituchauhan.com/nearme/images/dashboard-profile-lg.jpg]
[jituchauhan.com/nearme/user-dashboard.html]
[jituchauhan.com/nearme/images/wishlist-img.jpg]
[jituchauhan.com/nearme/user-dashboard-wishlist.html]
[jituchauhan.com/nearme/user-dashboard-edit-profile.html]
[jituchauhan.com/nearme/user-dashboard-booking.html]
[jituchauhan.com/nearme/partner-dashboard.html]
[jituchauhan.com/nearme/partner-my-order-dashboard.html]
[jituchauhan.com/nearme/images/hostel-service.jpg]
[jituchauhan.com/nearme/partner-manage-service-dashboard.html]
[jituchauhan.com/nearme/partner-withdraw-dashboard.html]
[jituchauhan.com/nearme/partner-inbox-dashboard.html]
[jituchauhan.com/nearme/partner-profile-dashboard.html]
[jituchauhan.com/nearme/contact-us-page.html]
[jituchauhan.com/nearme/images/error-image.png]
[jituchauhan.com/nearme/error-page.html]
[jituchauhan.com/nearme/images/post-img-1.jpg]
[jituchauhan.com/nearme/images/post-img-2.jpg]
[jituchauhan.com/nearme/images/post-img-3.jpg]
[jituchauhan.com/nearme/images/post-img-4.jpg]
[jituchauhan.com/nearme/images/recent-post-img.jpg]
[jituchauhan.com/nearme/images/recent-post-img-1.jpg]
[jituchauhan.com/nearme/images/recent-post-img-2.jpg]
[jituchauhan.com/nearme/blog-page.html]
[jituchauhan.com/nearme/images/post-4.jpg]
[jituchauhan.com/nearme/images/post-5.jpg]
[jituchauhan.com/nearme/blog-listing-3-column.html]
[jituchauhan.com/nearme/js/isotope.pkgd.min.js]
[jituchauhan.com/nearme/blog-masonry.html]
[jituchauhan.com/nearme/images/left-image.jpg]
[jituchauhan.com/nearme/images/right-image.jpg]
[jituchauhan.com/nearme/images/author.jpg]
[jituchauhan.com/nearme/images/related-post.jpg]
[jituchauhan.com/nearme/images/related-post-1.jpg]
[jituchauhan.com/nearme/images/user-pic-1.jpg]
[jituchauhan.com/nearme/images/user-pic-2.jpg]
[jituchauhan.com/nearme/blog-single.html]
[jituchauhan.com/nearme/images/city-img-1.jpg]
[jituchauhan.com/nearme/images/city-img-2.jpg]
[jituchauhan.com/nearme/images/city-img-3.jpg]
[jituchauhan.com/nearme/images/city-img-4.jpg]
[jituchauhan.com/nearme/city-list-page.html]
[jituchauhan.com/nearme/images/place-1.jpg]
[jituchauhan.com/nearme/images/place-2.jpg]
[jituchauhan.com/nearme/images/place-3.jpg]
[jituchauhan.com/nearme/images/place-4.jpg]
[jituchauhan.com/nearme/city-single-page.html]
[jituchauhan.com/nearme/js/accordion.js]
[jituchauhan.com/nearme/shortcode-accordion.html]
[jituchauhan.com/nearme/shortcode-tabs.html]
[jituchauhan.com/nearme/shortcode-alerts.html]
[jituchauhan.com/nearme/fonts/glyphicons-halflings-regular.html]
[jituchauhan.com/nearme/fonts/glyphicons-halflings-regular.svg]
[jituchauhan.com/nearme/fonts/fontawesome-webfont3e6e.html]
[jituchauhan.com/nearme/fonts/fontawesome-webfont3e6e.svg]
[jituchauhan.com/nearme/fonts/fontello28e2.eot]
[jituchauhan.com/nearme/fonts/fontello28e2.woff]
[jituchauhan.com/nearme/fonts/fontello28e2.ttf]
[jituchauhan.com/nearme/css/fontello.css]
[jituchauhan.com/nearme/css/owl.carousel.css]
[jituchauhan.com/nearme/css/owl.theme.default.css]
[jituchauhan.com/nearme/css/jquery-ui.css]
[jituchauhan.com/nearme/css/magnific-popup.css]
[jituchauhan.com/nearme/fonts/fontello28e2.html]
[jituchauhan.com/nearme/fonts/fontello28e2.svg]
[jituchauhan.com/nearme/css/owl.video.play.html]
[jituchauhan.com/nearme/css/images/ui-icons_444444_256x240.html]
[jituchauhan.com/nearme/css/images/ui-icons_555555_256x240.html]
[jituchauhan.com/nearme/css/images/ui-icons_ffffff_256x240.html]
[jituchauhan.com/nearme/css/images/ui-icons_777620_256x240.html]
[jituchauhan.com/nearme/css/images/ui-icons_cc0000_256x240.html]
[jituchauhan.com/nearme/css/images/ui-icons_777777_256x240.html]
